// Jest Snapshot v1, https://goo.gl/fbAQLP

exports[`The app component should match snapshot 1`] = `
<div>
  <h1
    className="heading"
  >
    Hello
  </h1>
</div>
`;
